// Jest Snapshot v1, https://goo.gl/fbAQLP

exports[`renders AddVenue as expected 1`] = `
<section
  className="addVenue"
>
  <header>
    <h2>
      Add A Venue
    </h2>
  </header>
  <form
    className="add_form"
    onSubmit={[Function]}
  >
    <fieldset>
      <legend>
        Venue Information
        <div
          className="address"
        >
          <label
            className="add_form_label"
            htmlFor="venue"
          >
            Venue/Event Name
            <input
              aria-label="Venue or event name"
              aria-required="true"
              className="add_form_text"
              id="Venue"
              name="venue"
              placeholder="ex: Bull McCabe's"
              required={true}
              type="text"
            />
          </label>
          <label
            htmlFor="address"
          >
            Street Address
            <input
              aria-label="Street address"
              aria-required="true"
              className="add_form_text"
              name="address"
              placeholder="123 Main St."
              required={true}
              type="text"
            />
          </label>
          <label
            htmlFor="city"
          >
            City
            <input
              aria-label="City"
              aria-required="true"
              className="add_form_text"
              name="city"
              placeholder="ex: Durham"
              required={true}
              type="text"
            />
          </label>
          <label
            htmlFor="state"
          >
            State
            <input
              aria-label="State"
              aria-required="true"
              className="add_form_text"
              maxLength="2"
              name="state"
              placeholder="ex: NC"
              required={true}
              type="text"
            />
          </label>
          <label
            htmlFor="zipcode"
          >
            Zipcode
            <input
              aria-label="zipcode"
              aria-required="true"
              className="add_form_text"
              name="zipcode"
              placeholder="ex: 27705"
              required={true}
              type="text"
            />
          </label>
          <label
            htmlFor="url"
          >
            Website
            <input
              aria-label="Website"
              aria-required="true"
              className="add_form_text"
              name="url"
              placeholder="www.reddit.com"
              required={true}
              type="url"
            />
          </label>
          <label
            htmlFor="phone"
          >
            Phone
            <input
              aria-label="Phone"
              aria-required="true"
              className="add_form_text"
              name="phone"
              placeholder="(555) 245-3456"
              required={true}
              type="text"
            />
          </label>
          <div
            className="add_form_selects"
          >
            <label
              htmlFor="type"
            >
              Type of venue/event
              <select
                aria-label="Type of venue/event"
                aria-required="true"
                className="add_form_select"
                id="type"
                name="type"
                required={true}
              >
                <option
                  value=""
                >
                  Please select
                </option>
                <option
                  value="Restaurant"
                >
                  Restaurant
                </option>
                <option
                  value="Coffee"
                >
                  Coffee Shop
                </option>
                <option
                  value="Bar"
                >
                  Brewery/Bar
                </option>
                <option
                  value="Educational"
                >
                  Educational
                </option>
                <option
                  value="music"
                >
                  Music
                </option>
                <option
                  value="outdoor"
                >
                  Outdoor
                </option>
              </select>
            </label>
          </div>
        </div>
      </legend>
    </fieldset>
    <fieldset>
      <legend>
        Your review
        <label
          htmlFor="price"
          required={true}
        >
          Price
          <select
            aria-required="true"
            className="add_form_select"
            id="price"
            name="price"
            required={true}
          >
            <option
              value=""
            >
              Please select
            </option>
            <option
              value={1}
            >
              $
            </option>
            <option
              value={2}
            >
              $$
            </option>
            <option
              value={3}
            >
              $$$
            </option>
            <option
              value={4}
            >
              $$$$
            </option>
            <option
              value={5}
            >
              $$$$$
            </option>
          </select>
        </label>
        <label
          htmlFor="volume"
        >
          Describe the volume Level
          <select
            aria-label="describe the volume level"
            aria-required="true"
            className="add_form_select"
            id="volume"
            name="volume"
            required={true}
          >
            <option
              value=""
            >
              Please select
            </option>
            <option
              value={1}
            >
              📣
            </option>
            <option
              value={2}
            >
              📣📣
            </option>
            <option
              value={3}
            >
              📣📣📣
            </option>
            <option
              value={4}
            >
              📣📣📣📣
            </option>
            <option
              value={5}
            >
              📣📣📣📣📣
            </option>
          </select>
        </label>
        <label
          htmlFor="rating"
        >
          Overall rating
          <select
            aria-required="true"
            className="add_form_select"
            id="rating"
            name="rating"
            required={true}
          >
            <option
              value=""
            >
              Please select
            </option>
            <option
              value={1}
            >
              ★
            </option>
            <option
              value={2}
            >
              ★★
            </option>
            <option
              value={3}
            >
              ★★★
            </option>
            <option
              value={4}
            >
              ★★★★
            </option>
            <option
              value={5}
            >
              ★★★★★
            </option>
          </select>
        </label>
      </legend>
    </fieldset>
    <fieldset>
      <legend>
        Features
        <div
          className="form_amenities"
        >
          <label
            htmlFor="StrollerAccessible"
          >
            Stroller Accessible
            <input
              aria-label="Stroller Accessible"
              className="checkBox"
              name="amenities"
              onChange={[Function]}
              type="checkbox"
              value="1"
            />
          </label>
          <label
            htmlFor="PlayArea"
          >
            Play Area
            <input
              aria-label="Play Area"
              className="checkBox"
              name="PlayArea"
              onChange={[Function]}
              type="checkbox"
              value="2"
            />
          </label>
          <label
            htmlFor="Changingtable"
          >
             
            Changing Table
            <input
              aria-label="Changing Table"
              className="checkBox"
              name="amenities"
              onChange={[Function]}
              type="checkbox"
              value="3"
            />
          </label>
          <label
            htmlFor="Dogs"
          >
            Dogs Welcome
            <input
              aria-label="Dogs welcome"
              className="checkBox"
              name="amenities"
              onChange={[Function]}
              type="checkbox"
              value="4"
            />
          </label>
          <label
            htmlFor="Fastcheckout"
          >
             
            Fast Checkout
            <input
              aria-label="Fast Checkout"
              className="checkBox"
              name="amenities"
              onChange={[Function]}
              type="checkbox"
              value="5"
            />
          </label>
          <label
            htmlFor="KidsNight"
          >
             
            Kids Night Deals
            <input
              aria-label="Kids night deals"
              className="checkBox"
              name="amenities"
              onChange={[Function]}
              type="checkbox"
              value="6"
            />
          </label>
          <label
            htmlFor="OutdoorSeating"
          >
             
            Outdoor Seating
            <input
              aria-label="outdoor seating"
              className="checkBox"
              name="amenities"
              onChange={[Function]}
              type="checkbox"
              value="7"
            />
          </label>
        </div>
        <div
          className="add_form_review"
        >
          <label
            htmlFor="review"
          >
            Tell us about your visit
            <textarea
              aria-label="Tell us about your visit"
              aria-required="true"
              name="content"
              placeholder="Tell us about your visit"
              type="textArea"
            />
          </label>
        </div>
      </legend>
    </fieldset>
    <div
      className="add_form_controls"
    >
      <button
        className="cancel"
        onClick={[Function]}
      >
        Cancel
      </button>
      <button
        className="add"
        type="submit"
      >
        Submit
      </button>
    </div>
  </form>
</section>
`;
