// Jest Snapshot v1, https://goo.gl/fbAQLP

exports[`renders VenueProfile as expected 1`] = `
<section
  className="venueProfile"
>
  <header
    className="venueProfile_header"
  >
    <h2 />
  </header>
  <div
    className="contact"
  >
    <p
      className="type"
    >
      Type: 
    </p>
    <p />
    <span
      className="city"
    />
    ,
     
    <span
      className="state"
    />
    <span>
       
    </span>
    <p />
    <p
      className="link"
    >
      <a
        rel="noopener noreferrer"
        target="_blank"
      />
    </p>
  </div>
  <div
    className="ratings"
  >
    <div
      className="average"
    >
      Overall Rating:
       
      <span
        className="rating"
      >
        <span
          className="NA"
        >
          Not Rated
        </span>
      </span>
    </div>
    <div
      className="average"
    >
      Overall Price:
       
      <span
        className="price"
      >
        <span
          className="NA"
        >
          Not Rated
        </span>
      </span>
    </div>
    <div
      className="average"
    >
      Overall Volume Level:
       
      <span
        className="volume"
      >
        <span
          className="NA"
        >
          Not Rated
        </span>
      </span>
    </div>
  </div>
  <div
    className="amenities"
  >
    <h3>
      Features
    </h3>
  </div>
  <div
    className="venue_controls"
  >
    <button
      onClick={[Function]}
    >
      Add a review
    </button>
    <button
      onClick={[Function]}
    >
      Add to Saved Venues
    </button>
  </div>
</section>
`;
