// Jest Snapshot v1, https://goo.gl/fbAQLP

exports[`renders Favorites as expected 1`] = `
<li
  className="favorite"
>
  <h3>
    Early Bird
  </h3>
  <div
    className="favorite_info"
  >
    <p
      className="type"
    >
      Type: 
      Restaurant
    </p>
    <p>
      Address: 
      987 Erwin Rd.
      <span
        className="city"
      >
        Durham
      </span>
      ,
       
      <span
        className="state"
      >
        NC
         
      </span>
      <span>
        27705
      </span>
    </p>
    <p
      className="link"
    >
      Website:
      <a
        href={null}
        rel="noopener noreferrer"
        target="_blank"
      >
        <span>
            
        </span>
      </a>
    </p>
    <p>
      Phone: 
      9848880417
    </p>
  </div>
  <div
    className="favorites_controls"
  >
    <button
      className="visit"
      onClick={[Function]}
    >
      See more
    </button>
    <button
      className="delete_favorite"
      onClick={[Function]}
    >
      Remove
    </button>
  </div>
</li>
`;
