// Jest Snapshot v1, https://goo.gl/fbAQLP

exports[`renders RefineSearch as expected 1`] = `
<form
  className="refine_form"
  onSubmit={[Function]}
>
  <label
    className="refine_form_label"
    htmlFor="sort"
  >
    Sort results by:
    <select
      className="refine_form_select"
      name="sort"
    >
      <option>
        Select
      </option>
      <option
        value="avgPrice"
      >
        Price (low to high)
      </option>
      <option
        value="avgRating"
      >
        Rating(high to low)
      </option>
      <option
        value="avgVolume"
      >
        Volume Level (low to high)
      </option>
    </select>
    <button
      className="refine_form_button"
      type="submit"
    >
      Sort
    </button>
  </label>
</form>
`;
