// Jest Snapshot v1, https://goo.gl/fbAQLP

exports[`renders VenuesPage as expected 1`] = `
<section
  className="VenuesPage"
>
  <section
    className="venueProfile"
  >
    <header>
      <h2 />
    </header>
    <div
      className="contact"
    >
      <p
        className="type"
      >
        Type: 
      </p>
      <p />
      <span
        className="city"
      />
      , 
      <span
        className="state"
      />
      <span />
      <p />
      <p />
    </div>
    <div
      className="ratings"
    >
      <div
        className="average"
      >
        Overall Rating: 
        <span
          className="rating"
        >
          <span
            className="NA"
          >
            No reviews
          </span>
        </span>
      </div>
      <div
        className="average"
      >
        Overall Price: 
        <span
          className="price"
        >
          <span
            className="NA"
          >
            Price unavailable
          </span>
        </span>
      </div>
      <div
        className="average"
      >
        Overall Volume Level: 
        <span
          className="volume"
        >
          <span
            className="NA"
          >
            volume unavailable
          </span>
        </span>
      </div>
      <div
        className="amenities"
      >
        <h3>
          Features
        </h3>
      </div>
    </div>
    <div
      className="venue_controls"
    >
      <button
        onClick={[Function]}
      >
        Add a review
      </button>
      <button
        onClick={[Function]}
      >
        Add to Saved Venues
      </button>
    </div>
  </section>
  <header>
    <h3>
      Here's what people are saying: 
    </h3>
  </header>
  <div>
    <p>
      Be the first to review this venue!
    </p>
  </div>
</section>
`;
