// Jest Snapshot v1, https://goo.gl/fbAQLP

exports[`renders LandingPage as expected 1`] = `
<section
  className="landingpage"
>
  <header
    className="landingpage_hero"
  >
    <h1>
      Tot Spots
    </h1>
    <p>
      For parents, by parents
    </p>
  </header>
  <div
    className="search"
  >
    <p>
      I want to take my family to a...
    </p>
    <form
      className="search_form"
      onSubmit={[Function]}
    >
      <label
        className="search_form_label"
        htmlFor="type"
        required={true}
      >
        Venue or event...
        <select
          aria-label="choose Venue or event"
          aria-required="true"
          className="search_form_select"
          id="type"
          name="type"
        >
          <option
            value=""
          >
            Select a type of venue/event
          </option>
          <option
            value="Restaurant"
          >
            Restaurants
          </option>
          <option
            value="Bar"
          >
            Brewery/Bar
          </option>
          <option
            value="Coffee"
          >
            Coffee Shop
          </option>
          <option
            value="Educational"
          >
            Educational
          </option>
          <option
            value="music"
          >
            Music
          </option>
          <option
            value="outdoor"
          >
            Outdoor
          </option>
        </select>
      </label>
      <p>
        in...
      </p>
      <label
        className="search_form_label"
        htmlFor="city"
      >
         
        City
        <input
          aria-label="choose city"
          aria-required="true"
          className="search_form_text"
          id="city"
          name="city"
          placeholder="Durham"
          required={true}
          type="text"
        />
      </label>
      <label
        className="search_form_label"
        htmlFor="state"
      >
         
        State
        <input
          aria-label="Choose state"
          aria-required="true"
          className="search_form_text"
          max-length="2"
          name="state"
          placeholder="NC"
          required={true}
          type="text"
        />
      </label>
      <div
        className="search_form_control"
      >
        <button
          className="search_form_button"
          type="submit"
        >
          Let's go!
        </button>
      </div>
    </form>
  </div>
  <p>
    Have an account? Go ahead and 
    <a
      href="/login"
      onClick={[Function]}
    >
      log in!
    </a>
  </p>
</section>
`;
