// Jest Snapshot v1, https://goo.gl/fbAQLP

exports[`renders FavoritesList as as expected with no favorites 1`] = `
<div>
  <div>
    <p>
      You haven't saved any venues!
    </p>
  </div>
</div>
`;

exports[`renders FavoritesList as expected 1`] = `
<div>
  <div>
    <p>
      You haven't saved any venues!
    </p>
  </div>
</div>
`;
